
- NASM Map file ---------------------------------------------------------------

Source file:  oz.asm
Output file:  oz_usb1

-- Symbols --------------------------------------------------------------------

---- No Section ---------------------------------------------------------------

Value     Name
00001C80  total_size
00000048  kisectors
00010C00  kilast
00000080  max_ncpus
00000008  kstack_size_percpu_l2
00011000  kistacks
00000019  first_free_page
00008000  kstack_size
00011000  kstack_loc
00001000  kstack_loc0
00002000  kstack_size0
00006000  tss_f08_stk
00007000  tss_f10_stk
00007000  sipi_vector
00000000  irqt_intr
00000001  irqt_app
00000002  irqt_task
00000003  irqt_trap
00000020  apic0_irqbase
00000028  apic1_irqbase
000000EF  spurious_int
000000F0  apicerr_int
000000FE  wakeup_int
00000100  irq_setup_table_size
000011C0  kernel_text_size
00000008  descriptor_size
00000000  nullsel
00000008  codesel
00000010  datasel
00001000  kstkbalo
00000001  kstkbami
00000000  kstkbahi
00007FFF  kstkszlo
00000000  kstkszhi
00000018  stacksel
00000020  videosel
00000028  rmcssel
00000030  rmdssel
00000038  codesel3
00000040  datasel3
00000048  tasksel_f08
00000050  tasksel_f10
00000058  tasksel_k00
00000060  tasksel_u00
00000080  max_threads
00000068  tss_len
00000AC0  kernel_data_size


---- Section .text ------------------------------------------------------------

Real              Virtual           Name
            7C00              7C00  textstart
            7C00              7C00  bios_entry
            7C06              7C06  oemid
            7C24              7C24  load_stage2
            7C92              7C92  stage2_ldr
            7CC2              7CC2  stage2_next
            7CCE              7CCE  stage2_done
            7CDA              7CDA  stage2_present
            7CDF              7CDF  ioerr
            7CE4              7CE4  s2err
            7CE7              7CE7  print_err
            7CF9              7CF9  hang
            7CFC              7CFC  puts_vga_rm
            7D01              7D01  puts_vga_rm_loop
            7D0F              7D0F  puts_vga_rm_done
            7D10              7D10  bootmsg
            7D2A              7D2A  s2errmsg
            7D40              7D40  ioerrmsg
            7E00              7E00  stage2
            7E04              7E04  non_boot_cpu_ljmp_instruction
            7E09              7E09  start_stage2
            7E0C              7E0C  main
            7E1B              7E1B  no_msr
            7E2D              7E2D  flush_ip1
            7EFB              7EFB  pgtb0_fill
            7F10              7F10  flush_ip2
            7F29              7F29  irq_init
            7F4A              7F4A  irq_init_task_gate
            7F86              7F86  no_lapic
            7FBF              7FBF  no_lapic_init
            7FDF              7FDF  app_loop
            7FEC              7FEC  have_an_app
            8027              8027  init_pgtb1_ro
            803B              803B  init_pgtb1_rw
            8072              8072  invl_app
            808B              808B  non_boot_init
            80A9              80A9  flush_ip3
            80D2              80D2  nb_idle
            8108              8108  idle
            810C              810C  puts_vga
            8112              8112  puts_vga_loop
            8122              8122  puts_vga_done
            8123              8123  putbx_vga
            8133              8133  putx_vga
            8139              8139  putx_vga_loop
            8147              8147  putx_vga_hexdigit
            8149              8149  putx_vga_putc
            815E              815E  mem_alloc_kernel_page
            81A1              81A1  mem_alloc_kernel_page_fail
            81A2              81A2  create_tss_pair
            8238              8238  create_tss_pair_fail
            8239              8239  cpumsg
            823D              823D  int00msg
            824D              824D  int01msg
            825E              825E  int02msg
            8263              8263  int03msg
            8279              8279  int04msg
            828D              828D  int05msg
            829D              829D  int06msg
            82AD              82AD  int07msg
            82C1              82C1  int08msg
            82CF              82CF  int09msg
            82EC              82EC  int10msg
            82F9              82F9  int11msg
            830E              830E  int12msg
            831B              831B  int13msg
            8335              8335  int14kmsg
            834D              834D  int14umsg
            8362              8362  int16msg
            8376              8376  int17msg
            8387              8387  int18msg
            8396              8396  int19msg
            83AF              83AF  int34msg
            83B9              83B9  int35msg
            83C3              83C3  int36msg
            83CD              83CD  int37msg
            83D7              83D7  int38msg
            83E1              83E1  int39msg
            83EB              83EB  int40msg
            83F5              83F5  int41msg
            83FF              83FF  int42msg
            8409              8409  int43msg
            8413              8413  int44msg
            841D              841D  int45msg
            8427              8427  int46msg
            8431              8431  int47msg
            843B              843B  spuriousmsg
            8449              8449  apicerrmsg
            8456              8456  himsg
            845A              845A  int255msg
            846F              846F  intvmmsg
            847C              847C  irq_err_lno
            8480              8480  fault_count
            8484              8484  ten_secs_counter
            8488              8488  irq_init_hardware
            84B1              84B1  irq_init_bsp_apic_hardware
            84E5              84E5  irq_init_ap_apic_hardware
            850F              850F  no_lapic_init2
            8514              8514  int_handler_div0
            8528              8528  int_handler_debug
            853C              853C  int_handler_nmi
            854C              854C  int_handler_brkp
            8560              8560  int_handler_ovrflw
            8574              8574  int_handler_bound
            8588              8588  int_handler_invop
            8598              8598  int_handler_devna
            859C              859C  int_handler_cpsego
            85AC              85AC  int_handler_segnp
            85BC              85BC  int_handler_stkflt
            85D0              85D0  int_handler_show_stack_loop
            85E0              85E0  int_handler_gpf
            85EC              85EC  int_handler_show_ec_eip
            8611              8611  int_handler_show_eip
            865F              865F  int_handler_vm_gpf
            86BA              86BA  int_handler_vm_normal_return
            86C4              86C4  int_handler_pgflt
            86CD              86CD  int_handler_pgflt_bad_uaddr
            86D4              86D4  int_handler_pgflt_bad_kaddr
            86D9              86D9  int_handler_pgflt_msg
            86EC              86EC  int_handler_fpuerr
            86FC              86FC  int_handler_algnchk
            8710              8710  int_handler_machchk
            8724              8724  int_handler_simdfpe
            8735              8735  display_irq
            8757              8757  ipi_cpu
            876C              876C  int_handler_timer
            878E              878E  dont_reset
            8793              8793  freeze_for_debug
            879C              879C  int_handler_kbd
            87C8              87C8  int_handler_hw02
            87E4              87E4  int_handler_hw03
            8800              8800  int_handler_hw04
            881C              881C  int_handler_hw05
            8838              8838  int_handler_hw06
            8854              8854  int_handler_hw07
            8864              8864  int_handler_hw08
            8880              8880  int_handler_hw09
            889C              889C  int_handler_hw10
            88B8              88B8  int_handler_hw11
            88D4              88D4  int_handler_hw12
            88F0              88F0  int_handler_hw13
            890C              890C  int_handler_hw14
            8928              8928  int_handler_hw15
            8944              8944  int_handler_tg_dblflt
            8960              8960  int_handler_tg_invtss
            897C              897C  int_handler_spurious
            898C              898C  int_handler_apicerr
            899C              899C  wakeup
            89A8              89A8  sysent
            8A19              8A19  irq_print_msg
            8A68              8A68  skip_cpumsg
            8A6D              8A6D  reboot_on_alt_key
            8A6E              8A6E  reboot_on_alt_key_loop
            8A74              8A74  reboot
            8A82              8A82  reboot_exit_pmode
            8AA0              8AA0  reboot_idt
            8AA8              8AA8  irq_types
            8AAC              8AAC  irq_setup_table
            8CAC              8CAC  syscall_klog
            8CBB              8CBB  syscall_sipi_vector
            8CC1              8CC1  syscall_ncpus
            8CC7              8CC7  syscall_new_thread
            8CFF              8CFF  new_thread_fail
            8D01              8D01  syscall_sleep
            8D0A              8D0A  sleep_loop
            8D1C              8D1C  syscall_pause
            8D1F              8D1F  syscall_resume
            8D25              8D25  syscall_ipi_all
            8D2B              8D2B  syscall_request_pmem_access
            8D31              8D31  map_pmem
            8D6E              8D6E  map_pmem_have_pgtbl
            8D88              8D88  map_pmem_exit
            8D8B              8D8B  map_pmem_fail

---- Section .data ------------------------------------------------------------

Real              Virtual           Name
            8DC0              8DC0  datastart
            8DC0              8DC0  gdt
            8E18              8E18  gdt_tasks
            9618              9618  gdt_end
            9618              9618  tss_f08
            9634              9634  tss_f08_cr3
            9680              9680  tss_f10
            969C              969C  tss_f10_cr3
            96E8              96E8  tss
            96E8              96E8  tss0
            96EC              96EC  tss_esp0
            96F0              96F0  tss_ss0
            9704              9704  tss_cr3
            9704              9704  tss0_cr3
            9708              9708  tss_eip
            9710              9710  tss_eax
            9720              9720  tss_esp
            9730              9730  tss_es
            9734              9734  tss_cs
            9738              9738  tss_ss
            973C              973C  tss_ds
            9740              9740  tss_fs
            9744              9744  tss_gs
            9750              9750  tss_end
            9750              9750  tss1
            9754              9754  tss1_esp0
            976C              976C  tss1_cr3
            9770              9770  tss1_eip
            9788              9788  tss1_esp
            97B8              97B8  gdtr
            97BE              97BE  idtr
            97C0              97C0  idtr_addr
            97C4              97C4  ncpus
            97C8              97C8  next_free_page
            97CC              97CC  sleepers
            97DC              97DC  pgdirp
            97E0              97E0  pgtb0p
            97E4              97E4  pgtb1p
            97E8              97E8  enabled_lapic
            9800              9800  wait_addr
            9840              9840  dbgwall

---- Section .fill ------------------------------------------------------------

Real              Virtual           Name
            9880              9880  fill
            A000              A000  kend

