
- NASM Map file ---------------------------------------------------------------

Source file:  oz.asm
Output file:  oz_usb1

-- Symbols --------------------------------------------------------------------

---- No Section ---------------------------------------------------------------

Value     Name
00001450  total_size
0000003B  kisectors
0000F200  kilast
00000007  max_ncpus_l2
0000000D  kstack_size_l2
00002000  kstack_size
00001000  kstack_loc
00006000  tss_f08_stk
00007000  tss_f10_stk
00007000  sipi_vector
00000000  irqt_intr
00000001  irqt_app
00000002  irqt_task
00000003  irqt_trap
00000020  apic0_irqbase
00000028  apic1_irqbase
000000B0  first_thread_tss_gate
000000EF  spurious_int
000000F0  apicerr_int
000000FE  wakeup_int
00000100  irq_setup_table_size
00001110  kernel_text_size
00000008  descriptor_size
00000000  nullsel
00000008  codesel
00000010  datasel
00000018  stacksel
00000020  videosel
00000028  rmcssel
00000030  rmdssel
00000038  ldtsel1
00000040  tasksel_f08
00000048  tasksel_f10
00000050  tasksel_k00
00000058  tasksel_u00
00000060  tasksel_k01
00000068  tasksel_u01
00000070  tasksel_k02
00000078  tasksel_u02
00000080  tasksel_k03
00000088  tasksel_u03
00000090  tasksel_k04
00000098  tasksel_u04
000000A0  tasksel_k05
000000A8  tasksel_u05
000000B0  tasksel_k06
000000B8  tasksel_u06
000000C0  tasksel_k07
000000C8  tasksel_u07
000000D0  tasksel_k08
000000D8  tasksel_u08
000000E0  tasksel_k09
000000E8  tasksel_u09
000000F0  tasksel_k10
000000F8  tasksel_u10
00000100  tasksel_k11
00000108  tasksel_u11
00000110  tasksel_k12
00000118  tasksel_u12
00000120  tasksel_k13
00000128  tasksel_u13
00000130  tasksel_k14
00000138  tasksel_u14
00000140  tasksel_k15
00000148  tasksel_u15
00000010  max_threads
00000000  nullsel1
00000008  codesel1
00000010  datasel1
00000018  ldt1_len
00000068  tss_len
00000340  kernel_data_size


---- Section .text ------------------------------------------------------------

Real              Virtual           Name
            7C00              7C00  textstart
            7C00              7C00  bios_entry
            7C06              7C06  oemid
            7C24              7C24  load_stage2
            7C90              7C90  stage2_present
            7C95              7C95  ioerr
            7C9A              7C9A  s2err
            7C9D              7C9D  print_err
            7CAF              7CAF  hang
            7CB2              7CB2  puts_vga_rm
            7CB7              7CB7  puts_vga_rm_loop
            7CC5              7CC5  puts_vga_rm_done
            7CC6              7CC6  bootmsg
            7CE0              7CE0  s2errmsg
            7CF6              7CF6  ioerrmsg
            7E00              7E00  stage2
            7E04              7E04  non_boot_cpu_ljmp_instruction
            7E09              7E09  start_stage2
            7E0C              7E0C  main
            7E1F              7E1F  flush_ip1
            7EDA              7EDA  pgtb0_fill
            7EEF              7EEF  flush_ip2
            7F08              7F08  irq_init
            7F29              7F29  irq_init_task_gate
            7F66              7F66  no_lapic
            7F9F              7F9F  no_lapic_init
            7FBF              7FBF  app_loop
            7FCC              7FCC  have_an_app
            803E              803E  non_boot_init
            805C              805C  flush_ip3
            8079              8079  nb_idle
            807D              807D  idle
            8081              8081  puts_vga
            8087              8087  puts_vga_loop
            8097              8097  puts_vga_done
            8098              8098  putbx_vga
            80A8              80A8  putx_vga
            80AE              80AE  putx_vga_loop
            80BC              80BC  putx_vga_hexdigit
            80BE              80BE  putx_vga_putc
            80D3              80D3  mem_alloc_kernel_page
            80F4              80F4  create_tss_pair
            819D              819D  create_tss_pair_fail
            819E              819E  cpumsg
            81A2              81A2  int00msg
            81B2              81B2  int01msg
            81C3              81C3  int02msg
            81C8              81C8  int03msg
            81DE              81DE  int04msg
            81F2              81F2  int05msg
            8202              8202  int06msg
            8212              8212  int07msg
            8226              8226  int08msg
            8234              8234  int09msg
            8251              8251  int10msg
            825E              825E  int11msg
            8273              8273  int12msg
            8280              8280  int13msg
            829A              829A  int14kmsg
            82B2              82B2  int14umsg
            82C7              82C7  int16msg
            82DB              82DB  int17msg
            82EC              82EC  int18msg
            82FB              82FB  int19msg
            8314              8314  int34msg
            831E              831E  int35msg
            8328              8328  int36msg
            8332              8332  int37msg
            833C              833C  int38msg
            8346              8346  int39msg
            8350              8350  int40msg
            835A              835A  int41msg
            8364              8364  int42msg
            836E              836E  int43msg
            8378              8378  int44msg
            8382              8382  int45msg
            838C              838C  int46msg
            8396              8396  int47msg
            83A0              83A0  spuriousmsg
            83AE              83AE  apicerrmsg
            83BB              83BB  himsg
            83BF              83BF  int255msg
            83D4              83D4  intvmmsg
            83E0              83E0  irq_err_lno
            83E4              83E4  irq_init_hardware
            840D              840D  irq_init_bsp_apic_hardware
            8455              8455  irq_init_ap_apic_hardware
            8493              8493  no_lapic_init2
            8498              8498  int_handler_div0
            84AC              84AC  int_handler_debug
            84C0              84C0  int_handler_nmi
            84D0              84D0  int_handler_brkp
            84E4              84E4  int_handler_ovrflw
            84F8              84F8  int_handler_bound
            850C              850C  int_handler_invop
            851C              851C  int_handler_devna
            8520              8520  int_handler_cpsego
            8530              8530  int_handler_segnp
            8540              8540  int_handler_stkflt
            8554              8554  int_handler_show_stack_loop
            8564              8564  int_handler_gpf
            8570              8570  int_handler_show_ec_eip
            8595              8595  int_handler_show_eip
            85E3              85E3  int_handler_vm_gpf
            863E              863E  int_handler_vm_normal_return
            8648              8648  int_handler_pgflt
            8651              8651  int_handler_pgflt_bad_uaddr
            8658              8658  int_handler_pgflt_bad_kaddr
            865D              865D  int_handler_pgflt_msg
            8670              8670  int_handler_fpuerr
            8680              8680  int_handler_algnchk
            8694              8694  int_handler_machchk
            86A8              86A8  int_handler_simdfpe
            86B9              86B9  display_irq
            86DC              86DC  int_handler_timer
            870C              870C  no_sleepers
            8714              8714  int_handler_kbd
            8740              8740  int_handler_hw02
            875C              875C  int_handler_hw03
            8778              8778  int_handler_hw04
            8794              8794  int_handler_hw05
            87B0              87B0  int_handler_hw06
            87CC              87CC  int_handler_hw07
            87DC              87DC  int_handler_hw08
            87F8              87F8  int_handler_hw09
            8814              8814  int_handler_hw10
            8830              8830  int_handler_hw11
            884C              884C  int_handler_hw12
            8868              8868  int_handler_hw13
            8884              8884  int_handler_hw14
            88A0              88A0  int_handler_hw15
            88BC              88BC  int_handler_tg_dblflt
            88D0              88D0  int_handler_tg_invtss
            88EC              88EC  int_handler_spurious
            88FC              88FC  int_handler_apicerr
            890C              890C  wakeup
            8918              8918  sysent
            8968              8968  irq_print_msg
            89B7              89B7  skip_cpumsg
            89BC              89BC  reboot_on_alt_key
            89BC              89BC  reboot_on_alt_key_loop
            89C2              89C2  reboot
            89D0              89D0  reboot_exit_pmode
            89EE              89EE  reboot_idt
            89F4              89F4  irq_types
            89F8              89F8  irq_setup_table
            8BF8              8BF8  syscall_klog
            8C07              8C07  syscall_sipi_vector
            8C0D              8C0D  syscall_ncpus
            8C13              8C13  syscall_new_thread
            8C70              8C70  new_thread_fail
            8C72              8C72  syscall_sleep
            8C90              8C90  sleep_loop
            8CA7              8CA7  syscall_request_pmem_access
            8CAD              8CAD  map_pmem
            8CE6              8CE6  map_pmem_have_pgtbl
            8CFC              8CFC  map_pmem_exit
            8CFF              8CFF  map_pmem_fail

---- Section .data ------------------------------------------------------------

Real              Virtual           Name
            8D10              8D10  datastart
            8D10              8D10  gdt
            8E60              8E60  gdt_end
            8E60              8E60  ldt1
            8E78              8E78  ldt1_end
            8E78              8E78  tss_f08
            8E94              8E94  tss_f08_cr3
            8EE0              8EE0  tss_f10
            8EFC              8EFC  tss_f10_cr3
            8F48              8F48  tss0
            8F4C              8F4C  tss0_esp0
            8F50              8F50  tss0_ss0
            8F64              8F64  tss0_cr3
            8F68              8F68  tss0_eip
            8F70              8F70  tss0_eax
            8F80              8F80  tss0_esp
            8F90              8F90  tss0_es
            8F94              8F94  tss0_cs
            8F98              8F98  tss0_ss
            8F9C              8F9C  tss0_ds
            8FA8              8FA8  tss0_ldt
            8FB0              8FB0  tss0_end
            8FB0              8FB0  tss1
            8FB4              8FB4  tss1_esp0
            8FCC              8FCC  tss1_cr3
            8FD0              8FD0  tss1_eip
            9018              9018  gdtr
            901E              901E  idtr
            9020              9020  idtr_addr
            9024              9024  ncpus
            9028              9028  next_free_page
            902C              902C  sleepers
            9034              9034  pgdirp
            9038              9038  pgtb0p
            903C              903C  pgtb1p
            9040              9040  enabled_lapic
            9041              9041  dbgwall

---- Section .fill ------------------------------------------------------------

Real              Virtual           Name
            9050              9050  fill
            A000              A000  kend

