
- NASM Map file ---------------------------------------------------------------

Source file:  initsmp.asm
Output file:  initsmp

-- Symbols --------------------------------------------------------------------

---- Section .text ------------------------------------------------------------

Real              Virtual           Name
          400000            400000  header
          400028            400028  announce
          400032            400032  cpu486
          40003F            40003F  cpu586
          400044            400044  cpuintl
          40004B            40004B  cpuamd
          400050            400050  cpuxxx
          40005F            40005F  cpunoid
          400068            400068  cpuapic
          400071            400071  cpunoapic
          40007A            40007A  cpulapic
          400081            400081  cpunolapic
          40008A            40008A  cpux2apix
          400092            400092  cpumwait
          400099            400099  cpuvmx
          40009D            40009D  cpuavil
          4000A7            4000A7  cpuunavil
          4000B3            4000B3  cpuzzz
          4000B5            4000B5  puts
          4000B5            4000B5  puts_loop
          4000C1            4000C1  puts_done
          4000C2            4000C2  putbx
          4000D1            4000D1  putx
          4000D6            4000D6  putx_loop
          4000E4            4000E4  putx_hexdigit
          4000E6            4000E6  putx_putc
          4000F8            4000F8  ipi_wait
          4000FA            4000FA  ipi_delay_loop
          400111            400111  ipi_delay_done
          400114            400114  start
          400188            400188  cpu_recognized
          40021D            40021D  no_x2apic
          40028F            40028F  no_mwait
          4002A3            4002A3  no_vmx
          4002B7            4002B7  no_topology
          4002B9            4002B9  i_am_non_boot_cpu
          4002BE            4002BE  cpuid_last_puts
          4002C3            4002C3  cpuid_end
          401000            401000  data

---- Section .data ------------------------------------------------------------

Real              Virtual           Name
          401000            401000  print_buf
          401200            401200  level
          401204            401204  feature_ebx
          401208            401208  feature_ecx
          40120C            40120C  feature_edx
          401210            401210  id_buf
          402000            402000  end

